[info] [boot] physics (+0ms)
[info] [boot] lighting (+31ms)
[log] [meter] desertMorning skyLum=0.5572 sun=14.521 skyScale=0.626 hemi=0.540 exposure=0.541
[info] [boot] level (+475ms)
[warning] MeshBVH: "maxLeafTris" option has been deprecated. Use "targetLeafSize", instead.
[warning] MeshBVH: "maxLeafTris" option has been deprecated. Use "targetLeafSize", instead.
[warning] MeshBVH: "maxLeafTris" option has been deprecated. Use "targetLeafSize", instead.
[warning] MeshBVH: "maxLeafTris" option has been deprecated. Use "targetLeafSize", instead.
[warning] MeshBVH: "maxLeafTris" option has been deprecated. Use "targetLeafSize", instead.
[warning] MeshBVH: "maxLeafTris" option has been deprecated. Use "targetLeafSize", instead.
[warning] MeshBVH: "maxLeafTris" option has been deprecated. Use "targetLeafSize", instead.
[warning] MeshBVH: "maxLeafTris" option has been deprecated. Use "targetLeafSize", instead.
[warning] MeshBVH: "maxLeafTris" option has been deprecated. Use "targetLeafSize", instead.
[warning] MeshBVH: "maxLeafTris" option has been deprecated. Use "targetLeafSize", instead.
[warning] MeshBVH: "maxLeafTris" option has been deprecated. Use "targetLeafSize", instead.
[warning] MeshBVH: "maxLeafTris" option has been deprecated. Use "targetLeafSize", instead.
[warning] MeshBVH: "maxLeafTris" option has been deprecated. Use "targetLeafSize", instead.
[warning] MeshBVH: "maxLeafTris" option has been deprecated. Use "targetLeafSize", instead.
[warning] MeshBVH: "maxLeafTris" option has been deprecated. Use "targetLeafSize", instead.
[warning] MeshBVH: "maxLeafTris" option has been deprecated. Use "targetLeafSize", instead.
[warning] MeshBVH: "maxLeafTris" option has been deprecated. Use "targetLeafSize", instead.
[warning] MeshBVH: "maxLeafTris" option has been deprecated. Use "targetLeafSize", instead.
[warning] MeshBVH: "maxLeafTris" option has been deprecated. Use "targetLeafSize", instead.
[warning] MeshBVH: "maxLeafTris" option has been deprecated. Use "targetLeafSize", instead.
[warning] MeshBVH: "maxLeafTris" option has been deprecated. Use "targetLeafSize", instead.
[warning] MeshBVH: "maxLeafTris" option has been deprecated. Use "targetLeafSize", instead.
[warning] MeshBVH: "maxLeafTris" option has been deprecated. Use "targetLeafSize", instead.
[warning] MeshBVH: "maxLeafTris" option has been deprecated. Use "targetLeafSize", instead.
[warning] MeshBVH: "maxLeafTris" option has been deprecated. Use "targetLeafSize", instead.
[warning] MeshBVH: "maxLeafTris" option has been deprecated. Use "targetLeafSize", instead.
[warning] MeshBVH: "maxLeafTris" option has been deprecated. Use "targetLeafSize", instead.
[warning] MeshBVH: "maxLeafTris" option has been deprecated. Use "targetLeafSize", instead.
[warning] MeshBVH: "maxLeafTris" option has been deprecated. Use "targetLeafSize", instead.
[warning] MeshBVH: "maxLeafTris" option has been deprecated. Use "targetLeafSize", instead.
[warning] MeshBVH: "maxLeafTris" option has been deprecated. Use "targetLeafSize", instead.
[warning] MeshBVH: "maxLeafTris" option has been deprecated. Use "targetLeafSize", instead.
[warning] MeshBVH: "maxLeafTris" option has been deprecated. Use "targetLeafSize", instead.
[warning] MeshBVH: "maxLeafTris" option has been deprecated. Use "targetLeafSize", instead.
[warning] MeshBVH: "maxLeafTris" option has been deprecated. Use "targetLeafSize", instead.
[warning] MeshBVH: "maxLeafTris" option has been deprecated. Use "targetLeafSize", instead.
[warning] MeshBVH: "maxLeafTris" option has been deprecated. Use "targetLeafSize", instead.
[warning] MeshBVH: "maxLeafTris" option has been deprecated. Use "targetLeafSize", instead.
[warning] MeshBVH: "maxLeafTris" option has been deprecated. Use "targetLeafSize", instead.
[warning] MeshBVH: "maxLeafTris" option has been deprecated. Use "targetLeafSize", instead.
[warning] MeshBVH: "maxLeafTris" option has been deprecated. Use "targetLeafSize", instead.
[warning] MeshBVH: "maxLeafTris" option has been deprecated. Use "targetLeafSize", instead.
[warning] MeshBVH: "maxLeafTris" option has been deprecated. Use "targetLeafSize", instead.
[warning] MeshBVH: "maxLeafTris" option has been deprecated. Use "targetLeafSize", instead.
[warning] MeshBVH: "maxLeafTris" option has been deprecated. Use "targetLeafSize", instead.
[warning] MeshBVH: "maxLeafTris" option has been deprecated. Use "targetLeafSize", instead.
[warning] MeshBVH: "maxLeafTris" option has been deprecated. Use "targetLeafSize", instead.
[warning] MeshBVH: "maxLeafTris" option has been deprecated. Use "targetLeafSize", instead.
[warning] MeshBVH: "maxLeafTris" option has been deprecated. Use "targetLeafSize", instead.
[warning] MeshBVH: "maxLeafTris" option has been deprecated. Use "targetLeafSize", instead.
[warning] MeshBVH: "maxLeafTris" option has been deprecated. Use "targetLeafSize", instead.
[warning] MeshBVH: "maxLeafTris" option has been deprecated. Use "targetLeafSize", instead.
[warning] MeshBVH: "maxLeafTris" option has been deprecated. Use "targetLeafSize", instead.
[warning] MeshBVH: "maxLeafTris" option has been deprecated. Use "targetLeafSize", instead.
[warning] MeshBVH: "maxLeafTris" option has been deprecated. Use "targetLeafSize", instead.
[warning] MeshBVH: "maxLeafTris" option has been deprecated. Use "targetLeafSize", instead.
[warning] MeshBVH: "maxLeafTris" option has been deprecated. Use "targetLeafSize", instead.
[warning] MeshBVH: "maxLeafTris" option has been deprecated. Use "targetLeafSize", instead.
[warning] MeshBVH: "maxLeafTris" option has been deprecated. Use "targetLeafSize", instead.
[warning] MeshBVH: "maxLeafTris" option has been deprecated. Use "targetLeafSize", instead.
[warning] MeshBVH: "maxLeafTris" option has been deprecated. Use "targetLeafSize", instead.
[info] [boot] player (+6930ms)
[info] [boot] ballistics (+2ms)
[info] [boot] weapons (+2ms)
[info] [boot] ai (+16ms)
[info] [boot] airstrike (+72ms)
[info] [boot] killstreaks (+12ms)
[info] [boot] vfx (+2ms)
[info] [boot] decals (+76ms)
[info] [boot] viewmodel (+1ms)
[info] [boot] audio (+52ms)
[info] [boot] hud (+0ms)
[info] [boot] menu (+14ms)
[info] [boot] gameflow (+3ms)
[info] [boot] ready (+15ms)
[info] [boot] systems ready in 7704ms
[info] [boot] quality=high dpr=1.00 renderer=WebGL 2.0 (OpenGL ES 3.0 Chromium)
[log] [meter] desertMorning skyLum=0.5572 sun=14.521 skyScale=0.626 hemi=0.540 exposure=0.541
[warning] [.WebGL-0x22d4000f2c00] GL_INVALID_OPERATION: glDrawArrays: Mismatch between texture format and sampler type (signed/unsigned/float/shadow).
[warning] [.WebGL-0x22d4000f2c00] GL_INVALID_OPERATION: glDrawArrays: Mismatch between texture format and sampler type (signed/unsigned/float/shadow).
[info] [shot] firefight: 45 ticks, 5491 ms/frame