[info] [boot] physics (+0ms)
[info] [boot] lighting (+24ms)
[log] [meter] desertMorning skyLum=0.5572 sun=14.521 skyScale=0.626 hemi=0.540 exposure=0.541
[info] [boot] level (+341ms)
[warning] MeshBVH: "maxLeafTris" option has been deprecated. Use "targetLeafSize", instead.
[warning] MeshBVH: "maxLeafTris" option has been deprecated. Use "targetLeafSize", instead.
[warning] MeshBVH: "maxLeafTris" option has been deprecated. Use "targetLeafSize", instead.
[warning] MeshBVH: "maxLeafTris" option has been deprecated. Use "targetLeafSize", instead.
[warning] MeshBVH: "maxLeafTris" option has been deprecated. Use "targetLeafSize", instead.
[warning] MeshBVH: "maxLeafTris" option has been deprecated. Use "targetLeafSize", instead.
[warning] MeshBVH: "maxLeafTris" option has been deprecated. Use "targetLeafSize", instead.
[warning] MeshBVH: "maxLeafTris" option has been deprecated. Use "targetLeafSize", instead.
[warning] MeshBVH: "maxLeafTris" option has been deprecated. Use "targetLeafSize", instead.
[warning] MeshBVH: "maxLeafTris" option has been deprecated. Use "targetLeafSize", instead.
[warning] MeshBVH: "maxLeafTris" option has been deprecated. Use "targetLeafSize", instead.
[warning] MeshBVH: "maxLeafTris" option has been deprecated. Use "targetLeafSize", instead.
[warning] MeshBVH: "maxLeafTris" option has been deprecated. Use "targetLeafSize", instead.
[warning] MeshBVH: "maxLeafTris" option has been deprecated. Use "targetLeafSize", instead.
[warning] MeshBVH: "maxLeafTris" option has been deprecated. Use "targetLeafSize", instead.
[warning] MeshBVH: "maxLeafTris" option has been deprecated. Use "targetLeafSize", instead.
[warning] MeshBVH: "maxLeafTris" option has been deprecated. Use "targetLeafSize", instead.
[warning] MeshBVH: "maxLeafTris" option has been deprecated. Use "targetLeafSize", instead.
[warning] MeshBVH: "maxLeafTris" option has been deprecated. Use "targetLeafSize", instead.
[warning] MeshBVH: "maxLeafTris" option has been deprecated. Use "targetLeafSize", instead.
[warning] MeshBVH: "maxLeafTris" option has been deprecated. Use "targetLeafSize", instead.
[warning] MeshBVH: "maxLeafTris" option has been deprecated. Use "targetLeafSize", instead.
[warning] MeshBVH: "maxLeafTris" option has been deprecated. Use "targetLeafSize", instead.
[warning] MeshBVH: "maxLeafTris" option has been deprecated. Use "targetLeafSize", instead.
[warning] MeshBVH: "maxLeafTris" option has been deprecated. Use "targetLeafSize", instead.
[warning] MeshBVH: "maxLeafTris" option has been deprecated. Use "targetLeafSize", instead.
[warning] MeshBVH: "maxLeafTris" option has been deprecated. Use "targetLeafSize", instead.
[warning] MeshBVH: "maxLeafTris" option has been deprecated. Use "targetLeafSize", instead.
[warning] MeshBVH: "maxLeafTris" option has been deprecated. Use "targetLeafSize", instead.
[warning] MeshBVH: "maxLeafTris" option has been deprecated. Use "targetLeafSize", instead.
[warning] MeshBVH: "maxLeafTris" option has been deprecated. Use "targetLeafSize", instead.
[warning] MeshBVH: "maxLeafTris" option has been deprecated. Use "targetLeafSize", instead.
[warning] MeshBVH: "maxLeafTris" option has been deprecated. Use "targetLeafSize", instead.
[warning] MeshBVH: "maxLeafTris" option has been deprecated. Use "targetLeafSize", instead.
[warning] MeshBVH: "maxLeafTris" option has been deprecated. Use "targetLeafSize", instead.
[warning] MeshBVH: "maxLeafTris" option has been deprecated. Use "targetLeafSize", instead.
[warning] MeshBVH: "maxLeafTris" option has been deprecated. Use "targetLeafSize", instead.
[warning] MeshBVH: "maxLeafTris" option has been deprecated. Use "targetLeafSize", instead.
[warning] MeshBVH: "maxLeafTris" option has been deprecated. Use "targetLeafSize", instead.
[warning] MeshBVH: "maxLeafTris" option has been deprecated. Use "targetLeafSize", instead.
[warning] MeshBVH: "maxLeafTris" option has been deprecated. Use "targetLeafSize", instead.
[warning] MeshBVH: "maxLeafTris" option has been deprecated. Use "targetLeafSize", instead.
[warning] MeshBVH: "maxLeafTris" option has been deprecated. Use "targetLeafSize", instead.
[warning] MeshBVH: "maxLeafTris" option has been deprecated. Use "targetLeafSize", instead.
[warning] MeshBVH: "maxLeafTris" option has been deprecated. Use "targetLeafSize", instead.
[warning] MeshBVH: "maxLeafTris" option has been deprecated. Use "targetLeafSize", instead.
[warning] MeshBVH: "maxLeafTris" option has been deprecated. Use "targetLeafSize", instead.
[warning] MeshBVH: "maxLeafTris" option has been deprecated. Use "targetLeafSize", instead.
[warning] MeshBVH: "maxLeafTris" option has been deprecated. Use "targetLeafSize", instead.
[warning] MeshBVH: "maxLeafTris" option has been deprecated. Use "targetLeafSize", instead.
[warning] MeshBVH: "maxLeafTris" option has been deprecated. Use "targetLeafSize", instead.
[warning] MeshBVH: "maxLeafTris" option has been deprecated. Use "targetLeafSize", instead.
[warning] MeshBVH: "maxLeafTris" option has been deprecated. Use "targetLeafSize", instead.
[warning] MeshBVH: "maxLeafTris" option has been deprecated. Use "targetLeafSize", instead.
[warning] MeshBVH: "maxLeafTris" option has been deprecated. Use "targetLeafSize", instead.
[warning] MeshBVH: "maxLeafTris" option has been deprecated. Use "targetLeafSize", instead.
[warning] MeshBVH: "maxLeafTris" option has been deprecated. Use "targetLeafSize", instead.
[warning] MeshBVH: "maxLeafTris" option has been deprecated. Use "targetLeafSize", instead.
[warning] MeshBVH: "maxLeafTris" option has been deprecated. Use "targetLeafSize", instead.
[warning] MeshBVH: "maxLeafTris" option has been deprecated. Use "targetLeafSize", instead.
[warning] MeshBVH: "maxLeafTris" option has been deprecated. Use "targetLeafSize", instead.
[info] [boot] player (+4727ms)
[info] [boot] ballistics (+1ms)
[info] [boot] weapons (+4ms)
[info] [boot] ai (+13ms)
[info] [boot] airstrike (+41ms)
[info] [boot] killstreaks (+17ms)
[info] [boot] vfx (+1ms)
[info] [boot] decals (+57ms)
[info] [boot] viewmodel (+5ms)
[info] [boot] audio (+41ms)
[info] [boot] hud (+0ms)
[info] [boot] menu (+19ms)
[info] [boot] gameflow (+3ms)
[info] [boot] ready (+16ms)
[info] [boot] systems ready in 5308ms
[info] [boot] quality=medium dpr=1.00 renderer=WebGL 2.0 (OpenGL ES 3.0 Chromium)
[log] [meter] desertMorning skyLum=0.5572 sun=14.521 skyScale=0.626 hemi=0.540 exposure=0.541
[warning] [.WebGL-0x12a40012c200] GL_INVALID_OPERATION: glDrawArrays: Mismatch between texture format and sampler type (signed/unsigned/float/shadow).
[warning] [.WebGL-0x12a40012c200] GL_INVALID_OPERATION: glDrawArrays: Mismatch between texture format and sampler type (signed/unsigned/float/shadow).
[info] [stage] armed 4 aged + 5 scheduled, 3 soldiers; shutter=t14 live=0.20s eye=(1.2,3.3,34.0) deck=0.16 fwd=(0.0,0.0,1.0) phase=2 age=0.55 gun=-0.27,-0.04 men=(3.4,0.2,37.6)@-0.40,-0.95 (0.0,0.2,39.4)@0.15,-0.62 (-1.4,0.2,38.2)@0.40,-0.82
[info] [stage] t6 particles=271 smoke=96 dust=17 fire=47 vols=[0.0039@r3.2]
[info] [stage] t12 particles=306 smoke=136 dust=17 fire=43 vols=[0.0059@r3.2]
[info] [shot] street: 14 ticks, 1915 ms/frame