[info] [boot] physics (+0ms)
[info] [boot] lighting (+24ms)
[log] [meter] desertMorning skyLum=0.5572 sun=14.521 skyScale=0.626 hemi=0.540 exposure=0.541
[info] [boot] level (+356ms)
[warning] MeshBVH: "maxLeafTris" option has been deprecated. Use "targetLeafSize", instead.
[warning] MeshBVH: "maxLeafTris" option has been deprecated. Use "targetLeafSize", instead.
[warning] MeshBVH: "maxLeafTris" option has been deprecated. Use "targetLeafSize", instead.
[warning] MeshBVH: "maxLeafTris" option has been deprecated. Use "targetLeafSize", instead.
[warning] MeshBVH: "maxLeafTris" option has been deprecated. Use "targetLeafSize", instead.
[warning] MeshBVH: "maxLeafTris" option has been deprecated. Use "targetLeafSize", instead.
[warning] MeshBVH: "maxLeafTris" option has been deprecated. Use "targetLeafSize", instead.
[warning] MeshBVH: "maxLeafTris" option has been deprecated. Use "targetLeafSize", instead.
[warning] MeshBVH: "maxLeafTris" option has been deprecated. Use "targetLeafSize", instead.
[warning] MeshBVH: "maxLeafTris" option has been deprecated. Use "targetLeafSize", instead.
[warning] MeshBVH: "maxLeafTris" option has been deprecated. Use "targetLeafSize", instead.
[warning] MeshBVH: "maxLeafTris" option has been deprecated. Use "targetLeafSize", instead.
[warning] MeshBVH: "maxLeafTris" option has been deprecated. Use "targetLeafSize", instead.
[warning] MeshBVH: "maxLeafTris" option has been deprecated. Use "targetLeafSize", instead.
[warning] MeshBVH: "maxLeafTris" option has been deprecated. Use "targetLeafSize", instead.
[warning] MeshBVH: "maxLeafTris" option has been deprecated. Use "targetLeafSize", instead.
[warning] MeshBVH: "maxLeafTris" option has been deprecated. Use "targetLeafSize", instead.
[warning] MeshBVH: "maxLeafTris" option has been deprecated. Use "targetLeafSize", instead.
[warning] MeshBVH: "maxLeafTris" option has been deprecated. Use "targetLeafSize", instead.
[warning] MeshBVH: "maxLeafTris" option has been deprecated. Use "targetLeafSize", instead.
[warning] MeshBVH: "maxLeafTris" option has been deprecated. Use "targetLeafSize", instead.
[warning] MeshBVH: "maxLeafTris" option has been deprecated. Use "targetLeafSize", instead.
[warning] MeshBVH: "maxLeafTris" option has been deprecated. Use "targetLeafSize", instead.
[warning] MeshBVH: "maxLeafTris" option has been deprecated. Use "targetLeafSize", instead.
[warning] MeshBVH: "maxLeafTris" option has been deprecated. Use "targetLeafSize", instead.
[warning] MeshBVH: "maxLeafTris" option has been deprecated. Use "targetLeafSize", instead.
[warning] MeshBVH: "maxLeafTris" option has been deprecated. Use "targetLeafSize", instead.
[warning] MeshBVH: "maxLeafTris" option has been deprecated. Use "targetLeafSize", instead.
[warning] MeshBVH: "maxLeafTris" option has been deprecated. Use "targetLeafSize", instead.
[warning] MeshBVH: "maxLeafTris" option has been deprecated. Use "targetLeafSize", instead.
[warning] MeshBVH: "maxLeafTris" option has been deprecated. Use "targetLeafSize", instead.
[warning] MeshBVH: "maxLeafTris" option has been deprecated. Use "targetLeafSize", instead.
[warning] MeshBVH: "maxLeafTris" option has been deprecated. Use "targetLeafSize", instead.
[warning] MeshBVH: "maxLeafTris" option has been deprecated. Use "targetLeafSize", instead.
[warning] MeshBVH: "maxLeafTris" option has been deprecated. Use "targetLeafSize", instead.
[warning] MeshBVH: "maxLeafTris" option has been deprecated. Use "targetLeafSize", instead.
[warning] MeshBVH: "maxLeafTris" option has been deprecated. Use "targetLeafSize", instead.
[warning] MeshBVH: "maxLeafTris" option has been deprecated. Use "targetLeafSize", instead.
[warning] MeshBVH: "maxLeafTris" option has been deprecated. Use "targetLeafSize", instead.
[warning] MeshBVH: "maxLeafTris" option has been deprecated. Use "targetLeafSize", instead.
[warning] MeshBVH: "maxLeafTris" option has been deprecated. Use "targetLeafSize", instead.
[warning] MeshBVH: "maxLeafTris" option has been deprecated. Use "targetLeafSize", instead.
[warning] MeshBVH: "maxLeafTris" option has been deprecated. Use "targetLeafSize", instead.
[warning] MeshBVH: "maxLeafTris" option has been deprecated. Use "targetLeafSize", instead.
[warning] MeshBVH: "maxLeafTris" option has been deprecated. Use "targetLeafSize", instead.
[warning] MeshBVH: "maxLeafTris" option has been deprecated. Use "targetLeafSize", instead.
[warning] MeshBVH: "maxLeafTris" option has been deprecated. Use "targetLeafSize", instead.
[warning] MeshBVH: "maxLeafTris" option has been deprecated. Use "targetLeafSize", instead.
[warning] MeshBVH: "maxLeafTris" option has been deprecated. Use "targetLeafSize", instead.
[warning] MeshBVH: "maxLeafTris" option has been deprecated. Use "targetLeafSize", instead.
[warning] MeshBVH: "maxLeafTris" option has been deprecated. Use "targetLeafSize", instead.
[warning] MeshBVH: "maxLeafTris" option has been deprecated. Use "targetLeafSize", instead.
[warning] MeshBVH: "maxLeafTris" option has been deprecated. Use "targetLeafSize", instead.
[warning] MeshBVH: "maxLeafTris" option has been deprecated. Use "targetLeafSize", instead.
[warning] MeshBVH: "maxLeafTris" option has been deprecated. Use "targetLeafSize", instead.
[warning] MeshBVH: "maxLeafTris" option has been deprecated. Use "targetLeafSize", instead.
[warning] MeshBVH: "maxLeafTris" option has been deprecated. Use "targetLeafSize", instead.
[warning] MeshBVH: "maxLeafTris" option has been deprecated. Use "targetLeafSize", instead.
[warning] MeshBVH: "maxLeafTris" option has been deprecated. Use "targetLeafSize", instead.
[warning] MeshBVH: "maxLeafTris" option has been deprecated. Use "targetLeafSize", instead.
[warning] MeshBVH: "maxLeafTris" option has been deprecated. Use "targetLeafSize", instead.
[info] [boot] player (+4866ms)
[info] [boot] ballistics (+1ms)
[info] [boot] weapons (+5ms)
[info] [boot] ai (+12ms)
[info] [boot] airstrike (+35ms)
[info] [boot] killstreaks (+9ms)
[info] [boot] vfx (+11ms)
[info] [boot] decals (+64ms)
[info] [boot] viewmodel (+6ms)
[info] [boot] audio (+45ms)
[info] [boot] hud (+1ms)
[info] [boot] menu (+10ms)
[info] [boot] gameflow (+3ms)
[info] [boot] ready (+15ms)
[info] [boot] systems ready in 5467ms
[info] [boot] quality=medium dpr=1.00 renderer=WebGL 2.0 (OpenGL ES 3.0 Chromium)
[log] [meter] desertMorning skyLum=0.5572 sun=14.521 skyScale=0.626 hemi=0.540 exposure=0.541
[warning] [.WebGL-0xaec000f0200] GL_INVALID_OPERATION: glDrawArrays: Mismatch between texture format and sampler type (signed/unsigned/float/shadow).
[warning] [.WebGL-0xaec000f0200] GL_INVALID_OPERATION: glDrawArrays: Mismatch between texture format and sampler type (signed/unsigned/float/shadow).
[info] [stage] armed 3 aged + 6 scheduled, 3 soldiers; shutter=t14 live=0.20s eye=(1.2,3.3,34.0) deck=0.16 fwd=(0.0,0.0,1.0) phase=1 age=0.1 gun=-0.27,-0.04 men=(3.4,0.2,37.6)@-0.40,-0.95 (0.0,0.2,39.4)@0.15,-0.62 (-1.4,0.2,38.2)@0.40,-0.82
[info] [stage] t6 particles=59 smoke=18 dust=0 fire=3 vols=[]
[info] [stage] t12 particles=310 smoke=65 dust=14 fire=46 vols=[0.0001@r3.0]
[info] [shot] street: 14 ticks, 1723 ms/frame