[info] [boot] physics (+0ms)
[info] [boot] lighting (+34ms)
[log] [meter] desertMorning skyLum=0.5572 sun=14.521 skyScale=0.626 hemi=0.540 exposure=0.541
[info] [boot] level (+377ms)
[warning] MeshBVH: "maxLeafTris" option has been deprecated. Use "targetLeafSize", instead.
[warning] MeshBVH: "maxLeafTris" option has been deprecated. Use "targetLeafSize", instead.
[warning] MeshBVH: "maxLeafTris" option has been deprecated. Use "targetLeafSize", instead.
[warning] MeshBVH: "maxLeafTris" option has been deprecated. Use "targetLeafSize", instead.
[warning] MeshBVH: "maxLeafTris" option has been deprecated. Use "targetLeafSize", instead.
[warning] MeshBVH: "maxLeafTris" option has been deprecated. Use "targetLeafSize", instead.
[warning] MeshBVH: "maxLeafTris" option has been deprecated. Use "targetLeafSize", instead.
[warning] MeshBVH: "maxLeafTris" option has been deprecated. Use "targetLeafSize", instead.
[warning] MeshBVH: "maxLeafTris" option has been deprecated. Use "targetLeafSize", instead.
[warning] MeshBVH: "maxLeafTris" option has been deprecated. Use "targetLeafSize", instead.
[warning] MeshBVH: "maxLeafTris" option has been deprecated. Use "targetLeafSize", instead.
[warning] MeshBVH: "maxLeafTris" option has been deprecated. Use "targetLeafSize", instead.
[warning] MeshBVH: "maxLeafTris" option has been deprecated. Use "targetLeafSize", instead.
[warning] MeshBVH: "maxLeafTris" option has been deprecated. Use "targetLeafSize", instead.
[warning] MeshBVH: "maxLeafTris" option has been deprecated. Use "targetLeafSize", instead.
[warning] MeshBVH: "maxLeafTris" option has been deprecated. Use "targetLeafSize", instead.
[warning] MeshBVH: "maxLeafTris" option has been deprecated. Use "targetLeafSize", instead.
[warning] MeshBVH: "maxLeafTris" option has been deprecated. Use "targetLeafSize", instead.
[warning] MeshBVH: "maxLeafTris" option has been deprecated. Use "targetLeafSize", instead.
[warning] MeshBVH: "maxLeafTris" option has been deprecated. Use "targetLeafSize", instead.
[warning] MeshBVH: "maxLeafTris" option has been deprecated. Use "targetLeafSize", instead.
[warning] MeshBVH: "maxLeafTris" option has been deprecated. Use "targetLeafSize", instead.
[warning] MeshBVH: "maxLeafTris" option has been deprecated. Use "targetLeafSize", instead.
[warning] MeshBVH: "maxLeafTris" option has been deprecated. Use "targetLeafSize", instead.
[warning] MeshBVH: "maxLeafTris" option has been deprecated. Use "targetLeafSize", instead.
[warning] MeshBVH: "maxLeafTris" option has been deprecated. Use "targetLeafSize", instead.
[warning] MeshBVH: "maxLeafTris" option has been deprecated. Use "targetLeafSize", instead.
[warning] MeshBVH: "maxLeafTris" option has been deprecated. Use "targetLeafSize", instead.
[warning] MeshBVH: "maxLeafTris" option has been deprecated. Use "targetLeafSize", instead.
[warning] MeshBVH: "maxLeafTris" option has been deprecated. Use "targetLeafSize", instead.
[warning] MeshBVH: "maxLeafTris" option has been deprecated. Use "targetLeafSize", instead.
[warning] MeshBVH: "maxLeafTris" option has been deprecated. Use "targetLeafSize", instead.
[warning] MeshBVH: "maxLeafTris" option has been deprecated. Use "targetLeafSize", instead.
[warning] MeshBVH: "maxLeafTris" option has been deprecated. Use "targetLeafSize", instead.
[warning] MeshBVH: "maxLeafTris" option has been deprecated. Use "targetLeafSize", instead.
[warning] MeshBVH: "maxLeafTris" option has been deprecated. Use "targetLeafSize", instead.
[warning] MeshBVH: "maxLeafTris" option has been deprecated. Use "targetLeafSize", instead.
[warning] MeshBVH: "maxLeafTris" option has been deprecated. Use "targetLeafSize", instead.
[warning] MeshBVH: "maxLeafTris" option has been deprecated. Use "targetLeafSize", instead.
[warning] MeshBVH: "maxLeafTris" option has been deprecated. Use "targetLeafSize", instead.
[warning] MeshBVH: "maxLeafTris" option has been deprecated. Use "targetLeafSize", instead.
[warning] MeshBVH: "maxLeafTris" option has been deprecated. Use "targetLeafSize", instead.
[warning] MeshBVH: "maxLeafTris" option has been deprecated. Use "targetLeafSize", instead.
[warning] MeshBVH: "maxLeafTris" option has been deprecated. Use "targetLeafSize", instead.
[warning] MeshBVH: "maxLeafTris" option has been deprecated. Use "targetLeafSize", instead.
[warning] MeshBVH: "maxLeafTris" option has been deprecated. Use "targetLeafSize", instead.
[warning] MeshBVH: "maxLeafTris" option has been deprecated. Use "targetLeafSize", instead.
[warning] MeshBVH: "maxLeafTris" option has been deprecated. Use "targetLeafSize", instead.
[warning] MeshBVH: "maxLeafTris" option has been deprecated. Use "targetLeafSize", instead.
[warning] MeshBVH: "maxLeafTris" option has been deprecated. Use "targetLeafSize", instead.
[warning] MeshBVH: "maxLeafTris" option has been deprecated. Use "targetLeafSize", instead.
[warning] MeshBVH: "maxLeafTris" option has been deprecated. Use "targetLeafSize", instead.
[warning] MeshBVH: "maxLeafTris" option has been deprecated. Use "targetLeafSize", instead.
[warning] MeshBVH: "maxLeafTris" option has been deprecated. Use "targetLeafSize", instead.
[warning] MeshBVH: "maxLeafTris" option has been deprecated. Use "targetLeafSize", instead.
[warning] MeshBVH: "maxLeafTris" option has been deprecated. Use "targetLeafSize", instead.
[warning] MeshBVH: "maxLeafTris" option has been deprecated. Use "targetLeafSize", instead.
[warning] MeshBVH: "maxLeafTris" option has been deprecated. Use "targetLeafSize", instead.
[warning] MeshBVH: "maxLeafTris" option has been deprecated. Use "targetLeafSize", instead.
[warning] MeshBVH: "maxLeafTris" option has been deprecated. Use "targetLeafSize", instead.
[warning] MeshBVH: "maxLeafTris" option has been deprecated. Use "targetLeafSize", instead.
[info] [boot] player (+7628ms)
[info] [boot] ballistics (+2ms)
[info] [boot] weapons (+1ms)
[info] [boot] ai (+15ms)
[info] [boot] airstrike (+33ms)
[info] [boot] killstreaks (+9ms)
[info] [boot] vfx (+10ms)
[info] [boot] decals (+69ms)
[info] [boot] viewmodel (+1ms)
[info] [boot] audio (+43ms)
[info] [boot] hud (+0ms)
[info] [boot] menu (+20ms)
[info] [boot] gameflow (+3ms)
[info] [boot] ready (+16ms)
[info] [boot] systems ready in 8261ms
[info] [boot] quality=high dpr=1.00 renderer=WebGL 2.0 (OpenGL ES 3.0 Chromium)
[log] [meter] desertMorning skyLum=0.5572 sun=14.521 skyScale=0.626 hemi=0.540 exposure=0.541
[warning] [.WebGL-0x8b400127c00] GL_INVALID_OPERATION: glDrawArrays: Mismatch between texture format and sampler type (signed/unsigned/float/shadow).
[warning] [.WebGL-0x8b400127c00] GL_INVALID_OPERATION: glDrawArrays: Mismatch between texture format and sampler type (signed/unsigned/float/shadow).
[info] [shot] airstrike: 290 ticks, 12608 ms/frame